Analysis & Synthesis report for i2s-quest
Thu Dec 02 16:53:02 2021
Quartus Prime Version 20.1.1 Build 720 11/11/2020 SJ Lite Edition


---------------------
; Table of Contents ;
---------------------
  1. Legal Notice
  2. Analysis & Synthesis Summary
  3. Analysis & Synthesis Settings
  4. Parallel Compilation
  5. Analysis & Synthesis Source Files Read
  6. Analysis & Synthesis Resource Usage Summary
  7. Analysis & Synthesis Resource Utilization by Entity
  8. Registers Removed During Synthesis
  9. General Register Statistics
 10. Parameter Settings for User Entity Instance: clk_div_data:data_clk_div
 11. Port Connectivity Checks: "data_shift:shift"
 12. Port Connectivity Checks: "data_input:rpi_data"
 13. Post-Synthesis Netlist Statistics for Top Partition
 14. Elapsed Time Per Partition
 15. Analysis & Synthesis Messages



----------------
; Legal Notice ;
----------------
Copyright (C) 2020  Intel Corporation. All rights reserved.
Your use of Intel Corporation's design tools, logic functions 
and other software and tools, and any partner logic 
functions, and any output files from any of the foregoing 
(including device programming or simulation files), and any 
associated documentation or information are expressly subject 
to the terms and conditions of the Intel Program License 
Subscription Agreement, the Intel Quartus Prime License Agreement,
the Intel FPGA IP License Agreement, or other applicable license
agreement, including, without limitation, that your use is for
the sole purpose of programming logic devices manufactured by
Intel and sold by Intel or its authorized distributors.  Please
refer to the applicable agreement for further details, at
https://fpgasoftware.intel.com/eula.



+-------------------------------------------------------------------------------+
; Analysis & Synthesis Summary                                                  ;
+---------------------------------+---------------------------------------------+
; Analysis & Synthesis Status     ; Successful - Thu Dec 02 16:53:02 2021       ;
; Quartus Prime Version           ; 20.1.1 Build 720 11/11/2020 SJ Lite Edition ;
; Revision Name                   ; i2s-quest                                   ;
; Top-level Entity Name           ; top                                         ;
; Family                          ; Cyclone V                                   ;
; Logic utilization (in ALMs)     ; N/A                                         ;
; Total registers                 ; 67                                          ;
; Total pins                      ; 8                                           ;
; Total virtual pins              ; 0                                           ;
; Total block memory bits         ; 0                                           ;
; Total DSP Blocks                ; 0                                           ;
; Total HSSI RX PCSs              ; 0                                           ;
; Total HSSI PMA RX Deserializers ; 0                                           ;
; Total HSSI TX PCSs              ; 0                                           ;
; Total HSSI PMA TX Serializers   ; 0                                           ;
; Total PLLs                      ; 0                                           ;
; Total DLLs                      ; 0                                           ;
+---------------------------------+---------------------------------------------+


+---------------------------------------------------------------------------------------------------------------------------+
; Analysis & Synthesis Settings                                                                                             ;
+---------------------------------------------------------------------------------+--------------------+--------------------+
; Option                                                                          ; Setting            ; Default Value      ;
+---------------------------------------------------------------------------------+--------------------+--------------------+
; Device                                                                          ; 5CSEMA5F31C6       ;                    ;
; Top-level entity name                                                           ; top                ; i2s-quest          ;
; Family name                                                                     ; Cyclone V          ; Cyclone V          ;
; Use smart compilation                                                           ; Off                ; Off                ;
; Enable parallel Assembler and Timing Analyzer during compilation                ; On                 ; On                 ;
; Enable compact report table                                                     ; Off                ; Off                ;
; Restructure Multiplexers                                                        ; Auto               ; Auto               ;
; MLAB Add Timing Constraints For Mixed-Port Feed-Through Mode Setting Don't Care ; Off                ; Off                ;
; Create Debugging Nodes for IP Cores                                             ; Off                ; Off                ;
; Preserve fewer node names                                                       ; On                 ; On                 ;
; Intel FPGA IP Evaluation Mode                                                   ; Enable             ; Enable             ;
; Verilog Version                                                                 ; Verilog_2001       ; Verilog_2001       ;
; VHDL Version                                                                    ; VHDL_1993          ; VHDL_1993          ;
; State Machine Processing                                                        ; Auto               ; Auto               ;
; Safe State Machine                                                              ; Off                ; Off                ;
; Extract Verilog State Machines                                                  ; On                 ; On                 ;
; Extract VHDL State Machines                                                     ; On                 ; On                 ;
; Ignore Verilog initial constructs                                               ; Off                ; Off                ;
; Iteration limit for constant Verilog loops                                      ; 5000               ; 5000               ;
; Iteration limit for non-constant Verilog loops                                  ; 250                ; 250                ;
; Add Pass-Through Logic to Inferred RAMs                                         ; On                 ; On                 ;
; Infer RAMs from Raw Logic                                                       ; On                 ; On                 ;
; Parallel Synthesis                                                              ; On                 ; On                 ;
; DSP Block Balancing                                                             ; Auto               ; Auto               ;
; NOT Gate Push-Back                                                              ; On                 ; On                 ;
; Power-Up Don't Care                                                             ; On                 ; On                 ;
; Remove Redundant Logic Cells                                                    ; Off                ; Off                ;
; Remove Duplicate Registers                                                      ; On                 ; On                 ;
; Ignore CARRY Buffers                                                            ; Off                ; Off                ;
; Ignore CASCADE Buffers                                                          ; Off                ; Off                ;
; Ignore GLOBAL Buffers                                                           ; Off                ; Off                ;
; Ignore ROW GLOBAL Buffers                                                       ; Off                ; Off                ;
; Ignore LCELL Buffers                                                            ; Off                ; Off                ;
; Ignore SOFT Buffers                                                             ; On                 ; On                 ;
; Limit AHDL Integers to 32 Bits                                                  ; Off                ; Off                ;
; Optimization Technique                                                          ; Balanced           ; Balanced           ;
; Carry Chain Length                                                              ; 70                 ; 70                 ;
; Auto Carry Chains                                                               ; On                 ; On                 ;
; Auto Open-Drain Pins                                                            ; On                 ; On                 ;
; Perform WYSIWYG Primitive Resynthesis                                           ; Off                ; Off                ;
; Auto ROM Replacement                                                            ; On                 ; On                 ;
; Auto RAM Replacement                                                            ; On                 ; On                 ;
; Auto DSP Block Replacement                                                      ; On                 ; On                 ;
; Auto Shift Register Replacement                                                 ; Auto               ; Auto               ;
; Allow Shift Register Merging across Hierarchies                                 ; Auto               ; Auto               ;
; Auto Clock Enable Replacement                                                   ; On                 ; On                 ;
; Strict RAM Replacement                                                          ; Off                ; Off                ;
; Allow Synchronous Control Signals                                               ; On                 ; On                 ;
; Force Use of Synchronous Clear Signals                                          ; Off                ; Off                ;
; Auto Resource Sharing                                                           ; Off                ; Off                ;
; Allow Any RAM Size For Recognition                                              ; Off                ; Off                ;
; Allow Any ROM Size For Recognition                                              ; Off                ; Off                ;
; Allow Any Shift Register Size For Recognition                                   ; Off                ; Off                ;
; Use LogicLock Constraints during Resource Balancing                             ; On                 ; On                 ;
; Ignore translate_off and synthesis_off directives                               ; Off                ; Off                ;
; Timing-Driven Synthesis                                                         ; On                 ; On                 ;
; Report Parameter Settings                                                       ; On                 ; On                 ;
; Report Source Assignments                                                       ; On                 ; On                 ;
; Report Connectivity Checks                                                      ; On                 ; On                 ;
; Ignore Maximum Fan-Out Assignments                                              ; Off                ; Off                ;
; Synchronization Register Chain Length                                           ; 3                  ; 3                  ;
; Power Optimization During Synthesis                                             ; Normal compilation ; Normal compilation ;
; HDL message level                                                               ; Level2             ; Level2             ;
; Suppress Register Optimization Related Messages                                 ; Off                ; Off                ;
; Number of Removed Registers Reported in Synthesis Report                        ; 5000               ; 5000               ;
; Number of Swept Nodes Reported in Synthesis Report                              ; 5000               ; 5000               ;
; Number of Inverted Registers Reported in Synthesis Report                       ; 100                ; 100                ;
; Clock MUX Protection                                                            ; On                 ; On                 ;
; Auto Gated Clock Conversion                                                     ; Off                ; Off                ;
; Block Design Naming                                                             ; Auto               ; Auto               ;
; SDC constraint protection                                                       ; Off                ; Off                ;
; Synthesis Effort                                                                ; Auto               ; Auto               ;
; Shift Register Replacement - Allow Asynchronous Clear Signal                    ; On                 ; On                 ;
; Pre-Mapping Resynthesis Optimization                                            ; Off                ; Off                ;
; Analysis & Synthesis Message Level                                              ; Medium             ; Medium             ;
; Disable Register Merging Across Hierarchies                                     ; Auto               ; Auto               ;
; Resource Aware Inference For Block RAM                                          ; On                 ; On                 ;
; Automatic Parallel Synthesis                                                    ; On                 ; On                 ;
; Partial Reconfiguration Bitstream ID                                            ; Off                ; Off                ;
+---------------------------------------------------------------------------------+--------------------+--------------------+


+------------------------------------------+
; Parallel Compilation                     ;
+----------------------------+-------------+
; Processors                 ; Number      ;
+----------------------------+-------------+
; Number detected on machine ; 8           ;
; Maximum allowed            ; 4           ;
;                            ;             ;
; Average used               ; 1.00        ;
; Maximum used               ; 4           ;
;                            ;             ;
; Usage by Processor         ; % Time Used ;
;     Processor 1            ; 100.0%      ;
;     Processors 2-4         ;   0.0%      ;
+----------------------------+-------------+


+-------------------------------------------------------------------------------------------------------------------------------------------+
; Analysis & Synthesis Source Files Read                                                                                                    ;
+----------------------------------+-----------------+------------------------+---------------------------------------------------+---------+
; File Name with User-Entered Path ; Used in Netlist ; File Type              ; File Name with Absolute Path                      ; Library ;
+----------------------------------+-----------------+------------------------+---------------------------------------------------+---------+
; data_input.v                     ; yes             ; User Verilog HDL File  ; C:/Users/g2boe/i2s-quest/verilog/data_input.v     ;         ;
; top.v                            ; yes             ; User Verilog HDL File  ; C:/Users/g2boe/i2s-quest/verilog/top.v            ;         ;
; clk_div_LR.v                     ; yes             ; User Verilog HDL File  ; C:/Users/g2boe/i2s-quest/verilog/clk_div_LR.v     ;         ;
; clk_div_data.v                   ; yes             ; User Verilog HDL File  ; C:/Users/g2boe/i2s-quest/verilog/clk_div_data.v   ;         ;
; clk_div_master.v                 ; yes             ; User Verilog HDL File  ; C:/Users/g2boe/i2s-quest/verilog/clk_div_master.v ;         ;
; data_shift.v                     ; yes             ; User Verilog HDL File  ; C:/Users/g2boe/i2s-quest/verilog/data_shift.v     ;         ;
+----------------------------------+-----------------+------------------------+---------------------------------------------------+---------+


+-------------------------------------------------------------+
; Analysis & Synthesis Resource Usage Summary                 ;
+---------------------------------------------+---------------+
; Resource                                    ; Usage         ;
+---------------------------------------------+---------------+
; Estimate of Logic utilization (ALMs needed) ; 70            ;
;                                             ;               ;
; Combinational ALUT usage for logic          ; 115           ;
;     -- 7 input functions                    ; 6             ;
;     -- 6 input functions                    ; 18            ;
;     -- 5 input functions                    ; 38            ;
;     -- 4 input functions                    ; 18            ;
;     -- <=3 input functions                  ; 35            ;
;                                             ;               ;
; Dedicated logic registers                   ; 67            ;
;                                             ;               ;
; I/O pins                                    ; 8             ;
;                                             ;               ;
; Total DSP Blocks                            ; 0             ;
;                                             ;               ;
; Maximum fan-out node                        ; rpi_clk~input ;
; Maximum fan-out                             ; 36            ;
; Total fan-out                               ; 650           ;
; Average fan-out                             ; 3.28          ;
+---------------------------------------------+---------------+


+------------------------------------------------------------------------------------------------------------------------------------------------------------------------------------------------------------------+
; Analysis & Synthesis Resource Utilization by Entity                                                                                                                                                              ;
+------------------------------------+---------------------+---------------------------+-------------------+------------+------+--------------+------------------------------------+----------------+--------------+
; Compilation Hierarchy Node         ; Combinational ALUTs ; Dedicated Logic Registers ; Block Memory Bits ; DSP Blocks ; Pins ; Virtual Pins ; Full Hierarchy Name                ; Entity Name    ; Library Name ;
+------------------------------------+---------------------+---------------------------+-------------------+------------+------+--------------+------------------------------------+----------------+--------------+
; |top                               ; 115 (0)             ; 67 (0)                    ; 0                 ; 0          ; 8    ; 0            ; |top                               ; top            ; work         ;
;    |clk_div_LR:lr_clk_div|         ; 8 (8)               ; 8 (8)                     ; 0                 ; 0          ; 0    ; 0            ; |top|clk_div_LR:lr_clk_div         ; clk_div_LR     ; work         ;
;    |clk_div_data:data_clk_div|     ; 6 (6)               ; 6 (6)                     ; 0                 ; 0          ; 0    ; 0            ; |top|clk_div_data:data_clk_div     ; clk_div_data   ; work         ;
;    |clk_div_master:master_clk_div| ; 3 (3)               ; 3 (3)                     ; 0                 ; 0          ; 0    ; 0            ; |top|clk_div_master:master_clk_div ; clk_div_master ; work         ;
;    |data_input:rpi_data|           ; 91 (91)             ; 43 (43)                   ; 0                 ; 0          ; 0    ; 0            ; |top|data_input:rpi_data           ; data_input     ; work         ;
;    |data_shift:shift|              ; 7 (7)               ; 7 (7)                     ; 0                 ; 0          ; 0    ; 0            ; |top|data_shift:shift              ; data_shift     ; work         ;
+------------------------------------+---------------------+---------------------------+-------------------+------------+------+--------------+------------------------------------+----------------+--------------+
Note: For table entries with two numbers listed, the numbers in parentheses indicate the number of resources of the given type used by the specific entity alone. The numbers listed outside of parentheses indicate the total resources of the given type used by the specific entity and all of its sub-entities in the hierarchy.


+-----------------------------------------------------------------------------------+
; Registers Removed During Synthesis                                                ;
+----------------------------------------+------------------------------------------+
; Register name                          ; Reason for Removal                       ;
+----------------------------------------+------------------------------------------+
; data_shift:shift|data_reg[2..23]       ; Merged with data_shift:shift|data_reg[1] ;
; data_shift:shift|data_reg[1]           ; Stuck at GND due to stuck port data_in   ;
; data_shift:shift|data_reg[0]           ; Lost fanout                              ;
; Total Number of Removed Registers = 24 ;                                          ;
+----------------------------------------+------------------------------------------+


+------------------------------------------------------+
; General Register Statistics                          ;
+----------------------------------------------+-------+
; Statistic                                    ; Value ;
+----------------------------------------------+-------+
; Total registers                              ; 67    ;
; Number of registers using Synchronous Clear  ; 1     ;
; Number of registers using Synchronous Load   ; 0     ;
; Number of registers using Asynchronous Clear ; 0     ;
; Number of registers using Asynchronous Load  ; 0     ;
; Number of registers using Clock Enable       ; 5     ;
; Number of registers using Preset             ; 0     ;
+----------------------------------------------+-------+


+------------------------------------------------------------------------+
; Parameter Settings for User Entity Instance: clk_div_data:data_clk_div ;
+----------------+-------+-----------------------------------------------+
; Parameter Name ; Value ; Type                                          ;
+----------------+-------+-----------------------------------------------+
; n              ; 5     ; Signed Integer                                ;
; limit          ; 10101 ; Unsigned Binary                               ;
+----------------+-------+-----------------------------------------------+
Note: In order to hide this table in the UI and the text report file, please set the "Show Parameter Settings in Synthesis Report" option in "Analysis and Synthesis Settings -> More Settings" to "Off".


+--------------------------------------------------------------------------------------------------------------------------------------------------------------------------+
; Port Connectivity Checks: "data_shift:shift"                                                                                                                             ;
+------+-------+----------+------------------------------------------------------------------------------------------------------------------------------------------------+
; Port ; Type  ; Severity ; Details                                                                                                                                        ;
+------+-------+----------+------------------------------------------------------------------------------------------------------------------------------------------------+
; data ; Input ; Warning  ; Input port expression (1 bits) is smaller than the input port (24 bits) it drives.  Extra input bit(s) "data[23..1]" will be connected to GND. ;
+------+-------+----------+------------------------------------------------------------------------------------------------------------------------------------------------+


+------------------------------------------------------------------------------------------------------------------------------------------------------+
; Port Connectivity Checks: "data_input:rpi_data"                                                                                                      ;
+------+--------+----------+---------------------------------------------------------------------------------------------------------------------------+
; Port ; Type   ; Severity ; Details                                                                                                                   ;
+------+--------+----------+---------------------------------------------------------------------------------------------------------------------------+
; data ; Output ; Warning  ; Output or bidir port (24 bits) is wider than the port expression (1 bits) it drives; bit(s) "data[23..1]" have no fanouts ;
+------+--------+----------+---------------------------------------------------------------------------------------------------------------------------+


+-----------------------------------------------------+
; Post-Synthesis Netlist Statistics for Top Partition ;
+-----------------------+-----------------------------+
; Type                  ; Count                       ;
+-----------------------+-----------------------------+
; arriav_ff             ; 67                          ;
;     ENA               ; 5                           ;
;     SCLR              ; 1                           ;
;     plain             ; 61                          ;
; arriav_lcell_comb     ; 115                         ;
;     arith             ; 15                          ;
;         0 data inputs ; 2                           ;
;         1 data inputs ; 6                           ;
;         2 data inputs ; 1                           ;
;         5 data inputs ; 6                           ;
;     extend            ; 6                           ;
;         7 data inputs ; 6                           ;
;     normal            ; 87                          ;
;         1 data inputs ; 2                           ;
;         2 data inputs ; 6                           ;
;         3 data inputs ; 11                          ;
;         4 data inputs ; 18                          ;
;         5 data inputs ; 32                          ;
;         6 data inputs ; 18                          ;
;     shared            ; 7                           ;
;         0 data inputs ; 1                           ;
;         2 data inputs ; 6                           ;
; boundary_port         ; 8                           ;
;                       ;                             ;
; Max LUT depth         ; 4.20                        ;
; Average LUT depth     ; 2.55                        ;
+-----------------------+-----------------------------+


+-------------------------------+
; Elapsed Time Per Partition    ;
+----------------+--------------+
; Partition Name ; Elapsed Time ;
+----------------+--------------+
; Top            ; 00:00:00     ;
+----------------+--------------+


+-------------------------------+
; Analysis & Synthesis Messages ;
+-------------------------------+
Info: *******************************************************************
Info: Running Quartus Prime Analysis & Synthesis
    Info: Version 20.1.1 Build 720 11/11/2020 SJ Lite Edition
    Info: Processing started: Thu Dec 02 16:52:53 2021
Info: Command: quartus_map --read_settings_files=on --write_settings_files=off i2s-quest -c i2s-quest
Warning (18236): Number of processors has not been specified which may cause overloading on shared machines.  Set the global assignment NUM_PARALLEL_PROCESSORS in your QSF to an appropriate value for best performance.
Info (20030): Parallel compilation is enabled and will use 4 of the 4 processors detected
Info (12021): Found 1 design units, including 1 entities, in source file data_input.v
    Info (12023): Found entity 1: data_input File: C:/Users/g2boe/i2s-quest/verilog/data_input.v Line: 1
Info (12021): Found 1 design units, including 1 entities, in source file top.v
    Info (12023): Found entity 1: top File: C:/Users/g2boe/i2s-quest/verilog/top.v Line: 1
Info (12021): Found 1 design units, including 1 entities, in source file clk_div_lr.v
    Info (12023): Found entity 1: clk_div_LR File: C:/Users/g2boe/i2s-quest/verilog/clk_div_LR.v Line: 1
Info (12021): Found 1 design units, including 1 entities, in source file clk_div_data.v
    Info (12023): Found entity 1: clk_div_data File: C:/Users/g2boe/i2s-quest/verilog/clk_div_data.v Line: 1
Info (12021): Found 1 design units, including 1 entities, in source file clk_div_master.v
    Info (12023): Found entity 1: clk_div_master File: C:/Users/g2boe/i2s-quest/verilog/clk_div_master.v Line: 1
Info (12021): Found 1 design units, including 1 entities, in source file data_shift.v
    Info (12023): Found entity 1: data_shift File: C:/Users/g2boe/i2s-quest/verilog/data_shift.v Line: 1
Info (12127): Elaborating entity "top" for the top level hierarchy
Info (12128): Elaborating entity "clk_div_master" for hierarchy "clk_div_master:master_clk_div" File: C:/Users/g2boe/i2s-quest/verilog/top.v Line: 15
Warning (10230): Verilog HDL assignment warning at clk_div_master.v(12): truncated value with size 32 to match size of target (3) File: C:/Users/g2boe/i2s-quest/verilog/clk_div_master.v Line: 12
Info (12128): Elaborating entity "clk_div_LR" for hierarchy "clk_div_LR:lr_clk_div" File: C:/Users/g2boe/i2s-quest/verilog/top.v Line: 16
Warning (10230): Verilog HDL assignment warning at clk_div_LR.v(12): truncated value with size 32 to match size of target (8) File: C:/Users/g2boe/i2s-quest/verilog/clk_div_LR.v Line: 12
Info (12128): Elaborating entity "clk_div_data" for hierarchy "clk_div_data:data_clk_div" File: C:/Users/g2boe/i2s-quest/verilog/top.v Line: 17
Warning (10230): Verilog HDL assignment warning at clk_div_data.v(21): truncated value with size 32 to match size of target (5) File: C:/Users/g2boe/i2s-quest/verilog/clk_div_data.v Line: 21
Info (12128): Elaborating entity "data_input" for hierarchy "data_input:rpi_data" File: C:/Users/g2boe/i2s-quest/verilog/top.v Line: 18
Warning (10230): Verilog HDL assignment warning at data_input.v(21): truncated value with size 32 to match size of target (5) File: C:/Users/g2boe/i2s-quest/verilog/data_input.v Line: 21
Warning (10230): Verilog HDL assignment warning at data_input.v(25): truncated value with size 32 to match size of target (6) File: C:/Users/g2boe/i2s-quest/verilog/data_input.v Line: 25
Warning (10230): Verilog HDL assignment warning at data_input.v(44): truncated value with size 64 to match size of target (24) File: C:/Users/g2boe/i2s-quest/verilog/data_input.v Line: 44
Warning (10230): Verilog HDL assignment warning at data_input.v(45): truncated value with size 32 to match size of target (6) File: C:/Users/g2boe/i2s-quest/verilog/data_input.v Line: 45
Info (12128): Elaborating entity "data_shift" for hierarchy "data_shift:shift" File: C:/Users/g2boe/i2s-quest/verilog/top.v Line: 19
Warning (10230): Verilog HDL assignment warning at data_shift.v(14): truncated value with size 32 to match size of target (5) File: C:/Users/g2boe/i2s-quest/verilog/data_shift.v Line: 14
Warning (12241): 2 hierarchies have connectivity warnings - see the Connectivity Checks report folder
Info (286030): Timing-Driven Synthesis is running
Info (17049): 1 registers lost all their fanouts during netlist optimizations.
Info (16010): Generating hard_block partition "hard_block:auto_generated_inst"
    Info (16011): Adding 0 node(s), including 0 DDIO, 0 PLL, 0 transceiver and 0 LCELL
Info (21057): Implemented 123 device resources after synthesis - the final resource count might be different
    Info (21058): Implemented 4 input pins
    Info (21059): Implemented 4 output pins
    Info (21061): Implemented 115 logic cells
Info: Quartus Prime Analysis & Synthesis was successful. 0 errors, 10 warnings
    Info: Peak virtual memory: 4826 megabytes
    Info: Processing ended: Thu Dec 02 16:53:02 2021
    Info: Elapsed time: 00:00:09
    Info: Total CPU time (on all processors): 00:00:22


